Archive member included to satisfy reference by file (symbol)

/opt/microchip/xc32/v2.50/bin/bin/../../lib/gcc/pic32c/6.2.1/../../../../pic32c/lib/libpic32c.a(data_init.o)
                              /tmp/ccEJfWq3.o (__pic32c_data_initialization)
/opt/microchip/xc32/v2.50/bin/bin/../../lib/gcc/pic32c/6.2.1/../../../../pic32c/lib/libg_nano.a(lib_a-init.o)
                              /tmp/ccEJfWq3.o (__libc_init_array)

Microchip PIC32 Memory-Usage Report

ROM Program-Memory Usage
section                    address  length [bytes]      (dec)  Description
-------                 ----------  -------------------------  -----------
.vectors                         0           0xb8         184   
.text                         0xb8           0x20          32  App's exec code 
.text.__pic32c_data_ini       0xd8           0x90         144   
.text.Reset_Handler          0x168           0x54          84   
.text                        0x1bc           0x48          72  App's exec code 
.text.__libc_init_array      0x204           0x48          72   
.dinit                       0x24c           0x40          64   
.text                        0x28c           0x1c          28  App's exec code 
.text.Dummy_Handler          0x2a8            0x2           2   
      Total ROM used  :       0x2aa         682  0.5% of 0x20000
        --------------------------------------------------------------------------
         Total Program Memory used  :       0x2aa         682  0.5% of 0x20000
        --------------------------------------------------------------------------


RAM Data-Memory Usage
section                    address  length [bytes]      (dec)  Description
-------                 ----------  -------------------------  -----------
.bss                    0x20000000           0x1c          28  Uninitialized data 
.data                   0x2000001c            0x4           4  Initialized data 
.eh_frame               0x20000020            0x4           4   
         Total RAM used  :        0x24          36  0.2% of 0x4000
        --------------------------------------------------------------------------
            Total Data Memory used  :        0x24          36  0.2% of 0x4000
        --------------------------------------------------------------------------


Dynamic Data-Memory Reservation
section                    address  length [bytes]      (dec)  Description
-------                 ----------  -------------------------  -----------
heap                    0x20000028           0x10          16  Reserved for heap 
stack                   0x20000050         0x3fa0       16288  Reserved for stack 

        --------------------------------------------------------------------------

Memory Configuration

Name             Origin             Length             Attributes
rom              0x0000000000000000 0x0000000000020000 xrl
ram              0x0000000020000000 0x0000000000004000 xw !r
config_00804000  0x0000000000804000 0x0000000000000004
config_00804004  0x0000000000804004 0x0000000000000004
*default*        0x0000000000000000 0xffffffffffffffff

Linker script and memory map

LOAD /opt/microchip/xc32/v2.50/bin/bin/../../lib/gcc/pic32c/6.2.1/crti.o
LOAD /opt/microchip/xc32/v2.50/bin/bin/../../lib/gcc/pic32c/6.2.1/crtbegin.o
LOAD build/default/debug/newmain.o
                0x0000000000000001                __MPLAB_BUILD = 0x1
                0x0000000000000001                __ICD2RAM = 0x1
                0x0000000000000001                __MPLAB_DEBUG = 0x1
                0x0000000000000001                __DEBUG = 0x1
LOAD /tmp/ccEJfWq3.o
START GROUP
LOAD /opt/microchip/xc32/v2.50/bin/bin/../../lib/gcc/pic32c/6.2.1/../../../../pic32c/lib/libpic32c.a
LOAD /opt/microchip/xc32/v2.50/bin/bin/../../lib/gcc/pic32c/6.2.1/libgcc.a
LOAD /opt/microchip/xc32/v2.50/bin/bin/../../lib/gcc/pic32c/6.2.1/../../../../pic32c/lib/libg_nano.a
LOAD /opt/microchip/xc32/v2.50/bin/bin/../../lib/gcc/pic32c/6.2.1/../../../../pic32c/lib/libm_nano.a
LOAD /opt/microchip/xc32/v2.50/bin/bin/../../lib/gcc/pic32c/6.2.1/../../../../pic32c/lib/libc_nano.a
END GROUP
LOAD /opt/microchip/xc32/v2.50/bin/bin/../../lib/gcc/pic32c/6.2.1/crtend.o
LOAD /opt/microchip/xc32/v2.50/bin/bin/../../lib/gcc/pic32c/6.2.1/crtn.o
                0x0000000000020000                __rom_end = (ORIGIN (rom) + LENGTH (rom))
                0x0000000020004000                __ram_end = (ORIGIN (ram) + LENGTH (ram))

.config_00804000
 *(.config_00804000)

.config_00804004
 *(.config_00804004)

.vectors        0x0000000000000000       0xb8
                0x0000000000000000                . = ALIGN (0x4)
                0x0000000000000000                _sfixed = .
 *(.vectors .vectors.* .vectors_default .vectors_default.*)
 .vectors.default
                0x0000000000000000       0xb8 /tmp/ccEJfWq3.o
                0x0000000000000000                exception_table
 *(.isr_vector)
 *(.reset*)
 *(.after_vectors)

.text           0x00000000000000b8       0x20
                0x00000000000000b8                . = ALIGN (0x4)
 *(.glue_7t)
 .glue_7t       0x00000000000000b8        0x0 linker stubs
 *(.glue_7)
 .glue_7        0x00000000000000b8        0x0 linker stubs
 *(.gnu.linkonce.r.*)
 *(.ARM.extab* .gnu.linkonce.armextab.*)
                0x00000000000000b8                . = ALIGN (0x4)
 *(.init)
 .init          0x00000000000000b8        0x4 /opt/microchip/xc32/v2.50/bin/bin/../../lib/gcc/pic32c/6.2.1/crti.o
                0x00000000000000b8                _init
 .init          0x00000000000000bc        0x8 /opt/microchip/xc32/v2.50/bin/bin/../../lib/gcc/pic32c/6.2.1/crtn.o
                0x00000000000000c4                . = ALIGN (0x4)
                0x00000000000000c4                __preinit_array_start = .
 *(.preinit_array)
                0x00000000000000c4                __preinit_array_end = .
                0x00000000000000c4                . = ALIGN (0x4)
                0x00000000000000c4                __init_array_start = .
 *(SORT(.init_array.*))
 *(.init_array)
 .init_array    0x00000000000000c4        0x4 /opt/microchip/xc32/v2.50/bin/bin/../../lib/gcc/pic32c/6.2.1/crtbegin.o
                0x00000000000000c8                __init_array_end = .
                0x00000000000000c8                . = ALIGN (0x4)
 *crtbegin.o(.ctors)
 *(EXCLUDE_FILE(*crtend.o) .ctors)
 *(SORT(.ctors.*))
 *crtend.o(.ctors)
                0x00000000000000c8                . = ALIGN (0x4)
 *(.fini)
 .fini          0x00000000000000c8        0x4 /opt/microchip/xc32/v2.50/bin/bin/../../lib/gcc/pic32c/6.2.1/crti.o
                0x00000000000000c8                _fini
 .fini          0x00000000000000cc        0x8 /opt/microchip/xc32/v2.50/bin/bin/../../lib/gcc/pic32c/6.2.1/crtn.o
                0x00000000000000d4                . = ALIGN (0x4)
                0x00000000000000d4                __fini_array_start = .
 *(.fini_array)
 .fini_array    0x00000000000000d4        0x4 /opt/microchip/xc32/v2.50/bin/bin/../../lib/gcc/pic32c/6.2.1/crtbegin.o
 *(SORT(.fini_array.*))
                0x00000000000000d8                __fini_array_end = .
 *crtbegin.o(.dtors)
 *(EXCLUDE_FILE(*crtend.o) .dtors)
 *(SORT(.dtors.*))
 *crtend.o(.dtors)
                0x00000000000000d8                . = ALIGN (0x4)
                0x00000000000000d8                _efixed = .
                [!provide]                        PROVIDE (__exidx_start, .)

.ARM.exidx
 *(.ARM.exidx* .gnu.linkonce.armexidx.*)
                [!provide]                        PROVIDE (__exidx_end, .)
                0x00000000000000d8                . = ALIGN (0x4)
                0x00000000000000d8                _etext = .

.bss            0x0000000020000000        0x0
                0x0000000020000000                . = ALIGN (0x4)
                0x0000000020000000                __bss_start__ = .
                0x0000000020000000                _sbss = .
                0x0000000020000000                _szero = .
 *(COMMON)
                0x0000000020000000                . = ALIGN (0x4)
                0x0000000020000000                __bss_end__ = .
                0x0000000020000000                _ebss = .
                0x0000000020000000                _ezero = .
                0x0000000020000000                . = ALIGN (0x4)
                0x0000000020000000                _end = .
                0x0000000020003fff                _ram_end_ = ((ORIGIN (ram) + LENGTH (ram)) - 0x1)
OUTPUT(dist/default/debug/samd21g17d.X.debug.elf elf32-littlearm)
LOAD stack
LOAD data_init

.ARM.attributes
                0x0000000000000000       0x2a
 .ARM.attributes
                0x0000000000000000       0x1e /opt/microchip/xc32/v2.50/bin/bin/../../lib/gcc/pic32c/6.2.1/crti.o
 .ARM.attributes
                0x000000000000001e       0x2c /opt/microchip/xc32/v2.50/bin/bin/../../lib/gcc/pic32c/6.2.1/crtbegin.o
 .ARM.attributes
                0x000000000000004a       0x32 build/default/debug/newmain.o
 .ARM.attributes
                0x000000000000007c       0x32 /tmp/ccEJfWq3.o
 .ARM.attributes
                0x00000000000000ae       0x2c /opt/microchip/xc32/v2.50/bin/bin/../../lib/gcc/pic32c/6.2.1/../../../../pic32c/lib/libpic32c.a(data_init.o)
 .ARM.attributes
                0x00000000000000da       0x2c /opt/microchip/xc32/v2.50/bin/bin/../../lib/gcc/pic32c/6.2.1/../../../../pic32c/lib/libg_nano.a(lib_a-init.o)
 .ARM.attributes
                0x0000000000000106       0x2c /opt/microchip/xc32/v2.50/bin/bin/../../lib/gcc/pic32c/6.2.1/crtend.o
 .ARM.attributes
                0x0000000000000132       0x1e /opt/microchip/xc32/v2.50/bin/bin/../../lib/gcc/pic32c/6.2.1/crtn.o

.comment        0x0000000000000000       0x3c
 .comment       0x0000000000000000       0x3c /opt/microchip/xc32/v2.50/bin/bin/../../lib/gcc/pic32c/6.2.1/crtbegin.o
                                         0x3d (size before relaxing)
 .comment       0x000000000000003c       0x3d build/default/debug/newmain.o
 .comment       0x000000000000003c       0x3d /tmp/ccEJfWq3.o
 .comment       0x000000000000003c       0x3d /opt/microchip/xc32/v2.50/bin/bin/../../lib/gcc/pic32c/6.2.1/../../../../pic32c/lib/libpic32c.a(data_init.o)
 .comment       0x000000000000003c       0x3d /opt/microchip/xc32/v2.50/bin/bin/../../lib/gcc/pic32c/6.2.1/../../../../pic32c/lib/libg_nano.a(lib_a-init.o)
 .comment       0x000000000000003c       0x3d /opt/microchip/xc32/v2.50/bin/bin/../../lib/gcc/pic32c/6.2.1/crtend.o

.debug_info     0x0000000000000000     0x1122
 .debug_info    0x0000000000000000      0x284 build/default/debug/newmain.o
 .debug_info    0x0000000000000284      0x944 /tmp/ccEJfWq3.o
 .debug_info    0x0000000000000bc8      0x1f0 /opt/microchip/xc32/v2.50/bin/bin/../../lib/gcc/pic32c/6.2.1/../../../../pic32c/lib/libpic32c.a(data_init.o)
 .debug_info    0x0000000000000db8      0x36a /opt/microchip/xc32/v2.50/bin/bin/../../lib/gcc/pic32c/6.2.1/../../../../pic32c/lib/libg_nano.a(lib_a-init.o)

.debug_abbrev   0x0000000000000000      0x217
 .debug_abbrev  0x0000000000000000       0x46 build/default/debug/newmain.o
 .debug_abbrev  0x0000000000000046      0x104 /tmp/ccEJfWq3.o
 .debug_abbrev  0x000000000000014a       0x2a /opt/microchip/xc32/v2.50/bin/bin/../../lib/gcc/pic32c/6.2.1/../../../../pic32c/lib/libpic32c.a(data_init.o)
 .debug_abbrev  0x0000000000000174       0xa3 /opt/microchip/xc32/v2.50/bin/bin/../../lib/gcc/pic32c/6.2.1/../../../../pic32c/lib/libg_nano.a(lib_a-init.o)

.debug_loc      0x0000000000000000       0xbe
 .debug_loc     0x0000000000000000       0x38 build/default/debug/newmain.o
 .debug_loc     0x0000000000000038       0x14 /opt/microchip/xc32/v2.50/bin/bin/../../lib/gcc/pic32c/6.2.1/../../../../pic32c/lib/libpic32c.a(data_init.o)
 .debug_loc     0x000000000000004c       0x72 /opt/microchip/xc32/v2.50/bin/bin/../../lib/gcc/pic32c/6.2.1/../../../../pic32c/lib/libg_nano.a(lib_a-init.o)

.debug_aranges  0x0000000000000000       0x88
 .debug_aranges
                0x0000000000000000       0x20 build/default/debug/newmain.o
 .debug_aranges
                0x0000000000000020       0x28 /tmp/ccEJfWq3.o
 .debug_aranges
                0x0000000000000048       0x20 /opt/microchip/xc32/v2.50/bin/bin/../../lib/gcc/pic32c/6.2.1/../../../../pic32c/lib/libpic32c.a(data_init.o)
 .debug_aranges
                0x0000000000000068       0x20 /opt/microchip/xc32/v2.50/bin/bin/../../lib/gcc/pic32c/6.2.1/../../../../pic32c/lib/libg_nano.a(lib_a-init.o)

.debug_line     0x0000000000000000      0x422
 .debug_line    0x0000000000000000       0x40 build/default/debug/newmain.o
 .debug_line    0x0000000000000040      0x1e7 /tmp/ccEJfWq3.o
 .debug_line    0x0000000000000227       0xe3 /opt/microchip/xc32/v2.50/bin/bin/../../lib/gcc/pic32c/6.2.1/../../../../pic32c/lib/libpic32c.a(data_init.o)
 .debug_line    0x000000000000030a      0x118 /opt/microchip/xc32/v2.50/bin/bin/../../lib/gcc/pic32c/6.2.1/../../../../pic32c/lib/libg_nano.a(lib_a-init.o)

.debug_str      0x0000000000000000        0x0
 .debug_str     0x0000000000000000        0x0 build/default/debug/newmain.o
 .debug_str     0x0000000000000000        0x0 /tmp/ccEJfWq3.o
 .debug_str     0x0000000000000000        0x0 /opt/microchip/xc32/v2.50/bin/bin/../../lib/gcc/pic32c/6.2.1/../../../../pic32c/lib/libpic32c.a(data_init.o)
 .debug_str     0x0000000000000000        0x0 /opt/microchip/xc32/v2.50/bin/bin/../../lib/gcc/pic32c/6.2.1/../../../../pic32c/lib/libg_nano.a(lib_a-init.o)

.debug_frame    0x0000000000000000       0xb8
 .debug_frame   0x0000000000000000       0x30 build/default/debug/newmain.o
 .debug_frame   0x0000000000000030       0x30 /tmp/ccEJfWq3.o
 .debug_frame   0x0000000000000060       0x2c /opt/microchip/xc32/v2.50/bin/bin/../../lib/gcc/pic32c/6.2.1/../../../../pic32c/lib/libpic32c.a(data_init.o)
 .debug_frame   0x000000000000008c       0x2c /opt/microchip/xc32/v2.50/bin/bin/../../lib/gcc/pic32c/6.2.1/../../../../pic32c/lib/libg_nano.a(lib_a-init.o)

.debug_ranges   0x0000000000000000       0x38
 .debug_ranges  0x0000000000000000       0x18 /tmp/ccEJfWq3.o
 .debug_ranges  0x0000000000000018       0x10 /opt/microchip/xc32/v2.50/bin/bin/../../lib/gcc/pic32c/6.2.1/../../../../pic32c/lib/libpic32c.a(data_init.o)
 .debug_ranges  0x0000000000000028       0x10 /opt/microchip/xc32/v2.50/bin/bin/../../lib/gcc/pic32c/6.2.1/../../../../pic32c/lib/libg_nano.a(lib_a-init.o)

.stack          0x0000000020000050      0x100
 .stack         0x0000000020000050      0x100 stack

.bss%1          0x0000000020000000       0x1c
 .bss           0x0000000020000000       0x1c /opt/microchip/xc32/v2.50/bin/bin/../../lib/gcc/pic32c/6.2.1/crtbegin.o

.data%2         0x000000002000001c        0x4
 .data          0x000000002000001c        0x4 /opt/microchip/xc32/v2.50/bin/bin/../../lib/gcc/pic32c/6.2.1/crtbegin.o
                0x000000002000001c                __dso_handle

.eh_frame%3     0x0000000020000020        0x4
 .eh_frame      0x0000000020000020        0x4 /opt/microchip/xc32/v2.50/bin/bin/../../lib/gcc/pic32c/6.2.1/crtend.o

.bss%z1         0x0000000000000000        0x0
 .bss           0x0000000000000000        0x0 /opt/microchip/xc32/v2.50/bin/bin/../../lib/gcc/pic32c/6.2.1/crtn.o

.data%z2        0x0000000000000000        0x0
 .data          0x0000000000000000        0x0 /opt/microchip/xc32/v2.50/bin/bin/../../lib/gcc/pic32c/6.2.1/crtn.o

.bss%z3         0x0000000000000000        0x0
 .bss           0x0000000000000000        0x0 /opt/microchip/xc32/v2.50/bin/bin/../../lib/gcc/pic32c/6.2.1/crtend.o

.data%z4        0x0000000000000000        0x0
 .data          0x0000000000000000        0x0 /opt/microchip/xc32/v2.50/bin/bin/../../lib/gcc/pic32c/6.2.1/crtend.o

.bss%z5         0x0000000000000000        0x0
 .bss           0x0000000000000000        0x0 /opt/microchip/xc32/v2.50/bin/bin/../../lib/gcc/pic32c/6.2.1/../../../../pic32c/lib/libg_nano.a(lib_a-init.o)

.data%z6        0x0000000000000000        0x0
 .data          0x0000000000000000        0x0 /opt/microchip/xc32/v2.50/bin/bin/../../lib/gcc/pic32c/6.2.1/../../../../pic32c/lib/libg_nano.a(lib_a-init.o)

.bss%z7         0x0000000000000000        0x0
 .bss           0x0000000000000000        0x0 /opt/microchip/xc32/v2.50/bin/bin/../../lib/gcc/pic32c/6.2.1/../../../../pic32c/lib/libpic32c.a(data_init.o)

.data%z8        0x0000000000000000        0x0
 .data          0x0000000000000000        0x0 /opt/microchip/xc32/v2.50/bin/bin/../../lib/gcc/pic32c/6.2.1/../../../../pic32c/lib/libpic32c.a(data_init.o)

.bss%z9         0x0000000000000000        0x0
 .bss           0x0000000000000000        0x0 /tmp/ccEJfWq3.o

.data%z10       0x0000000000000000        0x0
 .data          0x0000000000000000        0x0 /tmp/ccEJfWq3.o

.bss%z11        0x0000000000000000        0x0
 .bss           0x0000000000000000        0x0 build/default/debug/newmain.o

.data%z12       0x0000000000000000        0x0
 .data          0x0000000000000000        0x0 build/default/debug/newmain.o

.eh_frame%z13   0x0000000000000000        0x0
 .eh_frame      0x0000000000000000        0x0 /opt/microchip/xc32/v2.50/bin/bin/../../lib/gcc/pic32c/6.2.1/crtbegin.o

.bss%z14        0x0000000000000000        0x0
 .bss           0x0000000000000000        0x0 /opt/microchip/xc32/v2.50/bin/bin/../../lib/gcc/pic32c/6.2.1/crti.o

.data%z15       0x0000000000000000        0x0
 .data          0x0000000000000000        0x0 /opt/microchip/xc32/v2.50/bin/bin/../../lib/gcc/pic32c/6.2.1/crti.o

.text.__pic32c_data_initialization%4
                0x00000000000000d8       0x90
 .text.__pic32c_data_initialization
                0x00000000000000d8       0x90 /opt/microchip/xc32/v2.50/bin/bin/../../lib/gcc/pic32c/6.2.1/../../../../pic32c/lib/libpic32c.a(data_init.o)
                0x00000000000000d8                __pic32c_data_initialization

.text.Reset_Handler%5
                0x0000000000000168       0x54
 .text.Reset_Handler
                0x0000000000000168       0x54 /tmp/ccEJfWq3.o
                0x0000000000000168                Reset_Handler

.text%6         0x00000000000001bc       0x48
 .text          0x00000000000001bc       0x48 /opt/microchip/xc32/v2.50/bin/bin/../../lib/gcc/pic32c/6.2.1/crtbegin.o

.text.__libc_init_array%7
                0x0000000000000204       0x48
 .text.__libc_init_array
                0x0000000000000204       0x48 /opt/microchip/xc32/v2.50/bin/bin/../../lib/gcc/pic32c/6.2.1/../../../../pic32c/lib/libg_nano.a(lib_a-init.o)
                0x0000000000000204                __libc_init_array

.dinit%8        0x000000000000024c       0x40
 .dinit         0x000000000000024c       0x40 data_init

.text%9         0x000000000000028c       0x1c
 .text          0x000000000000028c       0x1c build/default/debug/newmain.o
                0x000000000000028c                main

.text.Dummy_Handler%10
                0x00000000000002a8        0x2
 .text.Dummy_Handler
                0x00000000000002a8        0x2 /tmp/ccEJfWq3.o
                0x00000000000002a8                SVCall_Handler
                0x00000000000002a8                DMAC_Handler
                0x00000000000002a8                HardFault_Handler
                0x00000000000002a8                AC_Handler
                0x00000000000002a8                SysTick_Handler
                0x00000000000002a8                PendSV_Handler
                0x00000000000002a8                SERCOM1_Handler
                0x00000000000002a8                ADC_Handler
                0x00000000000002a8                NonMaskableInt_Handler
                0x00000000000002a8                TCC1_Handler
                0x00000000000002a8                Reserved28_Handler
                0x00000000000002a8                SERCOM2_Handler
                0x00000000000002a8                TCC0_Handler
                0x00000000000002a8                RTC_Handler
                0x00000000000002a8                EIC_Handler
                0x00000000000002a8                WDT_Handler
                0x00000000000002a8                Reserved22_Handler
                0x00000000000002a8                TC4_Handler
                0x00000000000002a8                USB_Handler
                0x00000000000002a8                TC3_Handler
                0x00000000000002a8                Dummy_Handler
                0x00000000000002a8                PM_Handler
                0x00000000000002a8                SERCOM5_Handler
                0x00000000000002a8                Reserved21_Handler
                0x00000000000002a8                TCC3_Handler
                0x00000000000002a8                TCC2_Handler
                0x00000000000002a8                EVSYS_Handler
                0x00000000000002a8                SERCOM3_Handler
                0x00000000000002a8                SERCOM4_Handler
                0x00000000000002a8                I2S_Handler
                0x00000000000002a8                NVMCTRL_Handler
                0x00000000000002a8                SERCOM0_Handler
                0x00000000000002a8                DAC_Handler
                0x00000000000002a8                PTC_Handler
                0x00000000000002a8                TC5_Handler
                0x00000000000002a8                SYSCTRL_Handler

.text%z16       0x0000000000000000        0x0
 .text          0x0000000000000000        0x0 /opt/microchip/xc32/v2.50/bin/bin/../../lib/gcc/pic32c/6.2.1/crtn.o

.text%z17       0x0000000000000000        0x0
 .text          0x0000000000000000        0x0 /opt/microchip/xc32/v2.50/bin/bin/../../lib/gcc/pic32c/6.2.1/crtend.o

.text%z18       0x0000000000000000        0x0
 .text          0x0000000000000000        0x0 /opt/microchip/xc32/v2.50/bin/bin/../../lib/gcc/pic32c/6.2.1/../../../../pic32c/lib/libg_nano.a(lib_a-init.o)

.text%z19       0x0000000000000000        0x0
 .text          0x0000000000000000        0x0 /opt/microchip/xc32/v2.50/bin/bin/../../lib/gcc/pic32c/6.2.1/../../../../pic32c/lib/libpic32c.a(data_init.o)

.text%z20       0x0000000000000000        0x0
 .text          0x0000000000000000        0x0 /tmp/ccEJfWq3.o

.text%z21       0x0000000000000000        0x0
 .text          0x0000000000000000        0x0 /opt/microchip/xc32/v2.50/bin/bin/../../lib/gcc/pic32c/6.2.1/crti.o
